// Jest Snapshot v1, https://goo.gl/fbAQLP

exports[`Navbar component should render correctly 1`] = `
Object {
  "asFragment": [Function],
  "baseElement": <body>
    <div>
      <header
        class="navbar"
      >
        <a
          aria-current="page"
          class="navbar__logo active"
          href="/"
        >
          <img
            alt="Space Travelers Logo"
            class="navbar__logo-img"
            src="logo.png"
          />
          <p
            class="navbar__logo-text"
          >
            Space Travelers' Hub
          </p>
        </a>
        <nav
          class="navbar__nav"
        >
          <ul
            class="navbar__nav-list"
          >
            <li>
              <a
                aria-current="page"
                class="navbar__nav-link navbar__nav-link--active"
                href="/"
              >
                rockets
              </a>
            </li>
            <li>
              <a
                class="navbar__nav-link"
                href="/missions"
              >
                missions
              </a>
            </li>
            <li>
              <a
                class="navbar__nav-link"
                href="/my-profile"
              >
                my profile
              </a>
            </li>
          </ul>
        </nav>
      </header>
      <main
        class="main"
      />
    </div>
  </body>,
  "container": <div>
    <header
      class="navbar"
    >
      <a
        aria-current="page"
        class="navbar__logo active"
        href="/"
      >
        <img
          alt="Space Travelers Logo"
          class="navbar__logo-img"
          src="logo.png"
        />
        <p
          class="navbar__logo-text"
        >
          Space Travelers' Hub
        </p>
      </a>
      <nav
        class="navbar__nav"
      >
        <ul
          class="navbar__nav-list"
        >
          <li>
            <a
              aria-current="page"
              class="navbar__nav-link navbar__nav-link--active"
              href="/"
            >
              rockets
            </a>
          </li>
          <li>
            <a
              class="navbar__nav-link"
              href="/missions"
            >
              missions
            </a>
          </li>
          <li>
            <a
              class="navbar__nav-link"
              href="/my-profile"
            >
              my profile
            </a>
          </li>
        </ul>
      </nav>
    </header>
    <main
      class="main"
    />
  </div>,
  "debug": [Function],
  "findAllByAltText": [Function],
  "findAllByDisplayValue": [Function],
  "findAllByLabelText": [Function],
  "findAllByPlaceholderText": [Function],
  "findAllByRole": [Function],
  "findAllByTestId": [Function],
  "findAllByText": [Function],
  "findAllByTitle": [Function],
  "findByAltText": [Function],
  "findByDisplayValue": [Function],
  "findByLabelText": [Function],
  "findByPlaceholderText": [Function],
  "findByRole": [Function],
  "findByTestId": [Function],
  "findByText": [Function],
  "findByTitle": [Function],
  "getAllByAltText": [Function],
  "getAllByDisplayValue": [Function],
  "getAllByLabelText": [Function],
  "getAllByPlaceholderText": [Function],
  "getAllByRole": [Function],
  "getAllByTestId": [Function],
  "getAllByText": [Function],
  "getAllByTitle": [Function],
  "getByAltText": [Function],
  "getByDisplayValue": [Function],
  "getByLabelText": [Function],
  "getByPlaceholderText": [Function],
  "getByRole": [Function],
  "getByTestId": [Function],
  "getByText": [Function],
  "getByTitle": [Function],
  "queryAllByAltText": [Function],
  "queryAllByDisplayValue": [Function],
  "queryAllByLabelText": [Function],
  "queryAllByPlaceholderText": [Function],
  "queryAllByRole": [Function],
  "queryAllByTestId": [Function],
  "queryAllByText": [Function],
  "queryAllByTitle": [Function],
  "queryByAltText": [Function],
  "queryByDisplayValue": [Function],
  "queryByLabelText": [Function],
  "queryByPlaceholderText": [Function],
  "queryByRole": [Function],
  "queryByTestId": [Function],
  "queryByText": [Function],
  "queryByTitle": [Function],
  "rerender": [Function],
  "unmount": [Function],
}
`;
