// Jest Snapshot v1, https://goo.gl/fbAQLP

exports[`My Profile page Renders my profile component correctly 1`] = `
Object {
  "asFragment": [Function],
  "baseElement": <body>
    <div>
      <section
        class="my-profile"
      >
        <div
          class="missions-reserved"
        >
          <h2
            class="missions-reserved__title"
          >
            My Missions
          </h2>
          <ul
            class="missions-reserved__list"
          />
        </div>
        <section
          class="rocket-profile"
        >
          <h2>
            My Rockets
          </h2>
          <p>
            You have not reserved any rockets
          </p>
        </section>
      </section>
    </div>
  </body>,
  "container": <div>
    <section
      class="my-profile"
    >
      <div
        class="missions-reserved"
      >
        <h2
          class="missions-reserved__title"
        >
          My Missions
        </h2>
        <ul
          class="missions-reserved__list"
        />
      </div>
      <section
        class="rocket-profile"
      >
        <h2>
          My Rockets
        </h2>
        <p>
          You have not reserved any rockets
        </p>
      </section>
    </section>
  </div>,
  "debug": [Function],
  "findAllByAltText": [Function],
  "findAllByDisplayValue": [Function],
  "findAllByLabelText": [Function],
  "findAllByPlaceholderText": [Function],
  "findAllByRole": [Function],
  "findAllByTestId": [Function],
  "findAllByText": [Function],
  "findAllByTitle": [Function],
  "findByAltText": [Function],
  "findByDisplayValue": [Function],
  "findByLabelText": [Function],
  "findByPlaceholderText": [Function],
  "findByRole": [Function],
  "findByTestId": [Function],
  "findByText": [Function],
  "findByTitle": [Function],
  "getAllByAltText": [Function],
  "getAllByDisplayValue": [Function],
  "getAllByLabelText": [Function],
  "getAllByPlaceholderText": [Function],
  "getAllByRole": [Function],
  "getAllByTestId": [Function],
  "getAllByText": [Function],
  "getAllByTitle": [Function],
  "getByAltText": [Function],
  "getByDisplayValue": [Function],
  "getByLabelText": [Function],
  "getByPlaceholderText": [Function],
  "getByRole": [Function],
  "getByTestId": [Function],
  "getByText": [Function],
  "getByTitle": [Function],
  "queryAllByAltText": [Function],
  "queryAllByDisplayValue": [Function],
  "queryAllByLabelText": [Function],
  "queryAllByPlaceholderText": [Function],
  "queryAllByRole": [Function],
  "queryAllByTestId": [Function],
  "queryAllByText": [Function],
  "queryAllByTitle": [Function],
  "queryByAltText": [Function],
  "queryByDisplayValue": [Function],
  "queryByLabelText": [Function],
  "queryByPlaceholderText": [Function],
  "queryByRole": [Function],
  "queryByTestId": [Function],
  "queryByText": [Function],
  "queryByTitle": [Function],
  "rerender": [Function],
  "unmount": [Function],
}
`;
